
 NX   Running target test for project @org/react and 1 task it depends on:



> nx run @org/foundation:build  [local cache]

> vite build

[36mvite v7.3.1 [32mbuilding client environment for production...[36m[39m
transforming...
[32m✓[39m 4 modules transformed.
rendering chunks...

[vite:dts] Start generate declaration files...
computing gzip size...
[2mdist/[22m[36mindex.js  [39m[1m[2m0.25 kB[22m[1m[22m[2m │ gzip: 0.14 kB[22m
[vite:dts] Declaration files built in 6473ms.

[32m✓ built in 6.79s[39m

> nx run @org/react:test Select.spec.tsx

> vitest Select.spec.tsx


[1m[46m RUN [49m[22m [36mv4.0.18 [39m[90m/Users/ravikumar/projects/Learning/dse.learn/libs/react[39m

[90mstderr[2m | src/lib/molecules/select/Select.spec.tsx[2m > [22m[2mSelect Component[2m > [22m[2mCustom Render Option[2m > [22m[2mshould use custom renderOption when provided
[22m[39mEach child in a list should have a unique "key" prop.

Check the render method of `Select`. See https://react.dev/link/warning-keys for more information.

 [31m❯[39m [30m[45m @org/react [49m[39m src/lib/molecules/select/Select.spec.tsx [2m([22m[2m33 tests[22m[2m | [22m[31m3 failed[39m[2m)[22m[33m 3369[2mms[22m[39m
       [32m✓[39m should render with default label[32m 214[2mms[22m[39m
       [32m✓[39m should render with custom label[32m 41[2mms[22m[39m
       [33m[2m✓[22m[39m should render button with correct ARIA attributes [33m 667[2mms[22m[39m
       [32m✓[39m should not render options overlay when closed[32m 6[2mms[22m[39m
       [32m✓[39m should render caret icon[32m 4[2mms[22m[39m
       [32m✓[39m should open overlay when button is clicked[32m 115[2mms[22m[39m
       [32m✓[39m should close overlay when button is clicked again[32m 36[2mms[22m[39m
       [32m✓[39m should display all options when opened[32m 110[2mms[22m[39m
       [32m✓[39m should apply open class to caret when opened[32m 76[2mms[22m[39m
       [32m✓[39m should call onOptionSelect when an option is clicked[32m 29[2mms[22m[39m
       [32m✓[39m should update label to selected option[32m 36[2mms[22m[39m
       [32m✓[39m should close overlay after selection[32m 57[2mms[22m[39m
[31m       [31m×[31m should show checkmark icon for selected option[39m[32m 216[2mms[22m[39m
[31m       [31m×[31m should apply selected class to selected option[39m[32m 30[2mms[22m[39m
       [32m✓[39m should open overlay on Space key[32m 29[2mms[22m[39m
       [32m✓[39m should open overlay on ArrowDown key[32m 20[2mms[22m[39m
       [32m✓[39m should open overlay on ArrowUp key[32m 196[2mms[22m[39m
       [32m✓[39m should highlight first option on Space or ArrowDown[32m 101[2mms[22m[39m
       [32m✓[39m should close overlay on Escape key[32m 123[2mms[22m[39m
       [32m✓[39m should navigate down through options with ArrowDown[32m 80[2mms[22m[39m
       [32m✓[39m should navigate up through options with ArrowUp[32m 42[2mms[22m[39m
       [32m✓[39m should select option on Enter key[32m 60[2mms[22m[39m
       [32m✓[39m should highlight option on mouse enter[32m 6[2mms[22m[39m
       [32m✓[39m should remove highlight on mouse leave[32m 75[2mms[22m[39m
       [32m✓[39m should use custom renderOption when provided[32m 58[2mms[22m[39m
       [32m✓[39m should pass correct props to custom renderOption[32m 97[2mms[22m[39m
       [32m✓[39m should handle empty options array[32m 54[2mms[22m[39m
       [32m✓[39m should handle single option[32m 48[2mms[22m[39m
       [32m✓[39m should not call onOptionSelect if not provided[32m 26[2mms[22m[39m
       [32m✓[39m should handle rapid open/close[32m 112[2mms[22m[39m
       [33m[2m✓[22m[39m should have proper ARIA roles [33m 310[2mms[22m[39m
[31m       [31m×[31m should set aria-checked on selected option[39m[32m 226[2mms[22m[39m
       [32m✓[39m should have aria-label on options[32m 39[2mms[22m[39m

[31m⎯⎯⎯⎯⎯⎯⎯[39m[1m[41m Failed Tests 3 [49m[22m[31m⎯⎯⎯⎯⎯⎯⎯[39m

[41m[1m FAIL [22m[49m [30m[45m @org/react [49m[39m src/lib/molecules/select/Select.spec.tsx[2m > [22mSelect Component[2m > [22mOption Selection[2m > [22mshould show checkmark icon for selected option
[31m[1mTestingLibraryElementError[22m: Found multiple elements with the text: Option 2

Here are the matching elements:

Ignored nodes: comments, script, style
[36m<span>[31m
  [0mOption 2[0m
[36m</span>[31m

Ignored nodes: comments, script, style
[36m<span[31m
  [33mclass[31m=[32m"dse-text dse-text-base"[31m
[36m>[31m
  [0mOption 2[0m
[36m</span>[31m

(If this is intentional, then use the `*AllBy*` variant of the query (like `queryAllByText`, `getAllByText`, or `findAllByText`)).

Ignored nodes: comments, script, style
[36m<body>[31m
  [36m<div>[31m
    [36m<div[31m
      [33mclass[31m=[32m"dse-select"[31m
    [36m>[31m
      [36m<button[31m
        [33maria-expanded[31m=[32m"true"[31m
        [33maria-haspopup[31m=[32m"listbox"[31m
        [33mclass[31m=[32m"dse-select__label"[31m
      [36m>[31m
        [36m<span>[31m
          [0mOption 2[0m
        [36m</span>[31m
        [36m<svg[31m
          [33mclass[31m=[32m"dse-select__caret dse-select__caret--open"[31m
          [33mfill[31m=[32m"none"[31m
          [33mheight[31m=[32m"1rem"[31m
          [33mstroke[31m=[32m"currentColor"[31m
          [33mstroke-width[31m=[32m"1.5"[31m
          [33mviewBox[31m=[32m"0 0 24 24"[31m
          [33mwidth[31m=[32m"1rem"[31m
          [33mxmlns[31m=[32m"http://www.w3.org/2000/svg"[31m
        [36m>[31m
          [36m<path[31m
            [33md[31m=[32m"m19.5 8.25-7.5 7.5-7.5-7.5"[31m
            [33mstroke-linecap[31m=[32m"round"[31m
            [33mstroke-linejoin[31m=[32m"round"[31m
          [36m/>[31m
        [36m</svg>[31m
      [36m</button>[31m
      [36m<ul[31m
        [33mclass[31m=[32m"dse-select__overlay"[31m
        [33mrole[31m=[32m"listbox"[31m
        [33mstyle[31m=[32m"top: 10px;"[31m
      [36m>[31m
        [36m<li[31m
          [33maria-label[31m=[32m"Option 1"[31m
          [33mclass[31m=[32m"dse-select__option
                    
                    "[31m
          [33mrole[31m=[32m"menuitemradio"[31m
          [33mtabindex[31m=[32m"0"[31m
        [36m>[31m
          [36m<span[31m
            [33mclass[31m=[32m"dse-text dse-text-base"[31m
          [36m>[31m
            [0mOption 1[0m
          [36m</span>[31m
        [36m</li>[31m
        [36m<li[31m
          [33maria-checked[31m=[32m"true"[31m
          [33maria-label[31m=[32m"Option 2"[31m
          [33mclass[31m=[32m"dse-select__option
                    dse-select__option--selected
                    "[31m
          [33mrole[31m=[32m"menuitemradio"[31m
          [33mtabindex[31m=[32m"0"[31m
        [36m>[31m
          [36m<span[31m
            [33mclass[31m=[32m"dse-text dse-text-base"[31m
          [36m>[31m
            [0mOption 2[0m
          [36m</span>[31m
          [36m<svg[31m
            [33mclass[31m=[32m"size-6"[31m
            [33mfill[31m=[32m"none"[31m
            [33mheight[31m=[32m"1rem"[31m
            [33mstroke[31m=[32m"currentColor"[31m
            [33mstroke-width[31m=[32m"1.5"[31m
            [33mviewBox[31m=[32m"0 0 24 24"[31m
            [33mwidth[31m=[32m"1rem"[31m
            [33mxmlns[31m=[32m"http://www.w3.org/2000/svg"[31m
          [36m>[31m
            [36m<path[31m
              [33md[31m=[32m"m4.5 12.75 6 6 9-13.5"[31m
              [33mstroke-linecap[31m=[32m"round"[31m
              [33mstroke-linejoin[31m=[32m"round"[31m
            [36m/>[31m
          [36m</svg>[31m
        [36m</li>[31m
        [36m<li[31m
          [33maria-label[31m=[32m"Option 3"[31m
          [33mclass[31m=[32m"dse-select__option
                    
                    "[31m
          [33mrole[31m=[32m"menuitemradio"[31m
          [33mtabindex[31m=[32m"0"[31m
        [36m>[31m
          [36m<span[31m
            [33mclass[31m=[32m"dse-text dse-text-base"[31m
          [36m>[31m
            [0mOption 3[0m
          [36m</span>[31m
        [36m</li>[31m
      [36m</ul>[31m
    [36m</div>[31m
  [36m</div>[31m
[36m</body>[31m[39m
[90m [2m❯[22m Object.getElementError ../../node_modules/@testing-library/dom/dist/config.js:[2m37:19[22m[39m
[90m [2m❯[22m getElementError ../../node_modules/@testing-library/dom/dist/query-helpers.js:[2m20:35[22m[39m
[90m [2m❯[22m getMultipleElementsFoundError ../../node_modules/@testing-library/dom/dist/query-helpers.js:[2m23:10[22m[39m
[90m [2m❯[22m ../../node_modules/@testing-library/dom/dist/query-helpers.js:[2m55:13[22m[39m
[90m [2m❯[22m ../../node_modules/@testing-library/dom/dist/query-helpers.js:[2m95:19[22m[39m
[36m [2m❯[22m src/lib/molecules/select/Select.spec.tsx:[2m129:37[22m[39m
    [90m127| [39m      fireEvent[33m.[39m[34mclick[39m(screen[33m.[39m[34mgetByRole[39m([32m'button'[39m))[33m;[39m
    [90m128| [39m
    [90m129| [39m      const selectedOption = screen.getByText('Option 2').closest('li'…
    [90m   | [39m                                    [31m^[39m
    [90m130| [39m      [35mconst[39m checkmark [33m=[39m selectedOption[33m?.[39m[34mquerySelector[39m([32m'svg'[39m)[33m;[39m
    [90m131| [39m      [34mexpect[39m(checkmark)[33m.[39m[34mtoBeInTheDocument[39m()[33m;[39m

[31m[2m⎯⎯⎯⎯⎯⎯⎯⎯⎯⎯⎯⎯⎯⎯⎯⎯⎯⎯⎯⎯⎯⎯⎯⎯[1/3]⎯[22m[39m

[41m[1m FAIL [22m[49m [30m[45m @org/react [49m[39m src/lib/molecules/select/Select.spec.tsx[2m > [22mSelect Component[2m > [22mOption Selection[2m > [22mshould apply selected class to selected option
[31m[1mTestingLibraryElementError[22m: Found multiple elements with the text: Option 1

Here are the matching elements:

Ignored nodes: comments, script, style
[36m<span>[31m
  [0mOption 1[0m
[36m</span>[31m

Ignored nodes: comments, script, style
[36m<span[31m
  [33mclass[31m=[32m"dse-text dse-text-base"[31m
[36m>[31m
  [0mOption 1[0m
[36m</span>[31m

(If this is intentional, then use the `*AllBy*` variant of the query (like `queryAllByText`, `getAllByText`, or `findAllByText`)).

Ignored nodes: comments, script, style
[36m<body>[31m
  [36m<div>[31m
    [36m<div[31m
      [33mclass[31m=[32m"dse-select"[31m
    [36m>[31m
      [36m<button[31m
        [33maria-expanded[31m=[32m"true"[31m
        [33maria-haspopup[31m=[32m"listbox"[31m
        [33mclass[31m=[32m"dse-select__label"[31m
      [36m>[31m
        [36m<span>[31m
          [0mOption 1[0m
        [36m</span>[31m
        [36m<svg[31m
          [33mclass[31m=[32m"dse-select__caret dse-select__caret--open"[31m
          [33mfill[31m=[32m"none"[31m
          [33mheight[31m=[32m"1rem"[31m
          [33mstroke[31m=[32m"currentColor"[31m
          [33mstroke-width[31m=[32m"1.5"[31m
          [33mviewBox[31m=[32m"0 0 24 24"[31m
          [33mwidth[31m=[32m"1rem"[31m
          [33mxmlns[31m=[32m"http://www.w3.org/2000/svg"[31m
        [36m>[31m
          [36m<path[31m
            [33md[31m=[32m"m19.5 8.25-7.5 7.5-7.5-7.5"[31m
            [33mstroke-linecap[31m=[32m"round"[31m
            [33mstroke-linejoin[31m=[32m"round"[31m
          [36m/>[31m
        [36m</svg>[31m
      [36m</button>[31m
      [36m<ul[31m
        [33mclass[31m=[32m"dse-select__overlay"[31m
        [33mrole[31m=[32m"listbox"[31m
        [33mstyle[31m=[32m"top: 10px;"[31m
      [36m>[31m
        [36m<li[31m
          [33maria-checked[31m=[32m"true"[31m
          [33maria-label[31m=[32m"Option 1"[31m
          [33mclass[31m=[32m"dse-select__option
                    dse-select__option--selected
                    "[31m
          [33mrole[31m=[32m"menuitemradio"[31m
          [33mtabindex[31m=[32m"0"[31m
        [36m>[31m
          [36m<span[31m
            [33mclass[31m=[32m"dse-text dse-text-base"[31m
          [36m>[31m
            [0mOption 1[0m
          [36m</span>[31m
          [36m<svg[31m
            [33mclass[31m=[32m"size-6"[31m
            [33mfill[31m=[32m"none"[31m
            [33mheight[31m=[32m"1rem"[31m
            [33mstroke[31m=[32m"currentColor"[31m
            [33mstroke-width[31m=[32m"1.5"[31m
            [33mviewBox[31m=[32m"0 0 24 24"[31m
            [33mwidth[31m=[32m"1rem"[31m
            [33mxmlns[31m=[32m"http://www.w3.org/2000/svg"[31m
          [36m>[31m
            [36m<path[31m
              [33md[31m=[32m"m4.5 12.75 6 6 9-13.5"[31m
              [33mstroke-linecap[31m=[32m"round"[31m
              [33mstroke-linejoin[31m=[32m"round"[31m
            [36m/>[31m
          [36m</svg>[31m
        [36m</li>[31m
        [36m<li[31m
          [33maria-label[31m=[32m"Option 2"[31m
          [33mclass[31m=[32m"dse-select__option
                    
                    "[31m
          [33mrole[31m=[32m"menuitemradio"[31m
          [33mtabindex[31m=[32m"0"[31m
        [36m>[31m
          [36m<span[31m
            [33mclass[31m=[32m"dse-text dse-text-base"[31m
          [36m>[31m
            [0mOption 2[0m
          [36m</span>[31m
        [36m</li>[31m
        [36m<li[31m
          [33maria-label[31m=[32m"Option 3"[31m
          [33mclass[31m=[32m"dse-select__option
                    
                    "[31m
          [33mrole[31m=[32m"menuitemradio"[31m
          [33mtabindex[31m=[32m"0"[31m
        [36m>[31m
          [36m<span[31m
            [33mclass[31m=[32m"dse-text dse-text-base"[31m
          [36m>[31m
            [0mOption 3[0m
          [36m</span>[31m
        [36m</li>[31m
      [36m</ul>[31m
    [36m</div>[31m
  [36m</div>[31m
[36m</body>[31m[39m
[90m [2m❯[22m Object.getElementError ../../node_modules/@testing-library/dom/dist/config.js:[2m37:19[22m[39m
[90m [2m❯[22m getElementError ../../node_modules/@testing-library/dom/dist/query-helpers.js:[2m20:35[22m[39m
[90m [2m❯[22m getMultipleElementsFoundError ../../node_modules/@testing-library/dom/dist/query-helpers.js:[2m23:10[22m[39m
[90m [2m❯[22m ../../node_modules/@testing-library/dom/dist/query-helpers.js:[2m55:13[22m[39m
[90m [2m❯[22m ../../node_modules/@testing-library/dom/dist/query-helpers.js:[2m95:19[22m[39m
[36m [2m❯[22m src/lib/molecules/select/Select.spec.tsx:[2m142:37[22m[39m
    [90m140| [39m      fireEvent[33m.[39m[34mclick[39m(screen[33m.[39m[34mgetByRole[39m([32m'button'[39m))[33m;[39m
    [90m141| [39m
    [90m142| [39m      const selectedOption = screen.getByText('Option 1').closest('li'…
    [90m   | [39m                                    [31m^[39m
    [90m143| [39m      expect(selectedOption).toHaveClass('dse-select__option--selected…
    [90m144| [39m    })[33m;[39m

[31m[2m⎯⎯⎯⎯⎯⎯⎯⎯⎯⎯⎯⎯⎯⎯⎯⎯⎯⎯⎯⎯⎯⎯⎯⎯[2/3]⎯[22m[39m

[41m[1m FAIL [22m[49m [30m[45m @org/react [49m[39m src/lib/molecules/select/Select.spec.tsx[2m > [22mSelect Component[2m > [22mAccessibility[2m > [22mshould set aria-checked on selected option
[31m[1mTestingLibraryElementError[22m: Found multiple elements with the text: Option 2

Here are the matching elements:

Ignored nodes: comments, script, style
[36m<span>[31m
  [0mOption 2[0m
[36m</span>[31m

Ignored nodes: comments, script, style
[36m<span[31m
  [33mclass[31m=[32m"dse-text dse-text-base"[31m
[36m>[31m
  [0mOption 2[0m
[36m</span>[31m

(If this is intentional, then use the `*AllBy*` variant of the query (like `queryAllByText`, `getAllByText`, or `findAllByText`)).

Ignored nodes: comments, script, style
[36m<body>[31m
  [36m<div>[31m
    [36m<div[31m
      [33mclass[31m=[32m"dse-select"[31m
    [36m>[31m
      [36m<button[31m
        [33maria-expanded[31m=[32m"true"[31m
        [33maria-haspopup[31m=[32m"listbox"[31m
        [33mclass[31m=[32m"dse-select__label"[31m
      [36m>[31m
        [36m<span>[31m
          [0mOption 2[0m
        [36m</span>[31m
        [36m<svg[31m
          [33mclass[31m=[32m"dse-select__caret dse-select__caret--open"[31m
          [33mfill[31m=[32m"none"[31m
          [33mheight[31m=[32m"1rem"[31m
          [33mstroke[31m=[32m"currentColor"[31m
          [33mstroke-width[31m=[32m"1.5"[31m
          [33mviewBox[31m=[32m"0 0 24 24"[31m
          [33mwidth[31m=[32m"1rem"[31m
          [33mxmlns[31m=[32m"http://www.w3.org/2000/svg"[31m
        [36m>[31m
          [36m<path[31m
            [33md[31m=[32m"m19.5 8.25-7.5 7.5-7.5-7.5"[31m
            [33mstroke-linecap[31m=[32m"round"[31m
            [33mstroke-linejoin[31m=[32m"round"[31m
          [36m/>[31m
        [36m</svg>[31m
      [36m</button>[31m
      [36m<ul[31m
        [33mclass[31m=[32m"dse-select__overlay"[31m
        [33mrole[31m=[32m"listbox"[31m
        [33mstyle[31m=[32m"top: 10px;"[31m
      [36m>[31m
        [36m<li[31m
          [33maria-label[31m=[32m"Option 1"[31m
          [33mclass[31m=[32m"dse-select__option
                    
                    "[31m
          [33mrole[31m=[32m"menuitemradio"[31m
          [33mtabindex[31m=[32m"0"[31m
        [36m>[31m
          [36m<span[31m
            [33mclass[31m=[32m"dse-text dse-text-base"[31m
          [36m>[31m
            [0mOption 1[0m
          [36m</span>[31m
        [36m</li>[31m
        [36m<li[31m
          [33maria-checked[31m=[32m"true"[31m
          [33maria-label[31m=[32m"Option 2"[31m
          [33mclass[31m=[32m"dse-select__option
                    dse-select__option--selected
                    "[31m
          [33mrole[31m=[32m"menuitemradio"[31m
          [33mtabindex[31m=[32m"0"[31m
        [36m>[31m
          [36m<span[31m
            [33mclass[31m=[32m"dse-text dse-text-base"[31m
          [36m>[31m
            [0mOption 2[0m
          [36m</span>[31m
          [36m<svg[31m
            [33mclass[31m=[32m"size-6"[31m
            [33mfill[31m=[32m"none"[31m
            [33mheight[31m=[32m"1rem"[31m
            [33mstroke[31m=[32m"currentColor"[31m
            [33mstroke-width[31m=[32m"1.5"[31m
            [33mviewBox[31m=[32m"0 0 24 24"[31m
            [33mwidth[31m=[32m"1rem"[31m
            [33mxmlns[31m=[32m"http://www.w3.org/2000/svg"[31m
          [36m>[31m
            [36m<path[31m
              [33md[31m=[32m"m4.5 12.75 6 6 9-13.5"[31m
              [33mstroke-linecap[31m=[32m"round"[31m
              [33mstroke-linejoin[31m=[32m"round"[31m
            [36m/>[31m
          [36m</svg>[31m
        [36m</li>[31m
        [36m<li[31m
          [33maria-label[31m=[32m"Option 3"[31m
          [33mclass[31m=[32m"dse-select__option
                    
                    "[31m
          [33mrole[31m=[32m"menuitemradio"[31m
          [33mtabindex[31m=[32m"0"[31m
        [36m>[31m
          [36m<span[31m
            [33mclass[31m=[32m"dse-text dse-text-base"[31m
          [36m>[31m
            [0mOption 3[0m
          [36m</span>[31m
        [36m</li>[31m
      [36m</ul>[31m
    [36m</div>[31m
  [36m</div>[31m
[36m</body>[31m[39m
[90m [2m❯[22m Object.getElementError ../../node_modules/@testing-library/dom/dist/config.js:[2m37:19[22m[39m
[90m [2m❯[22m getElementError ../../node_modules/@testing-library/dom/dist/query-helpers.js:[2m20:35[22m[39m
[90m [2m❯[22m getMultipleElementsFoundError ../../node_modules/@testing-library/dom/dist/query-helpers.js:[2m23:10[22m[39m
[90m [2m❯[22m ../../node_modules/@testing-library/dom/dist/query-helpers.js:[2m55:13[22m[39m
[90m [2m❯[22m ../../node_modules/@testing-library/dom/dist/query-helpers.js:[2m95:19[22m[39m
[36m [2m❯[22m src/lib/molecules/select/Select.spec.tsx:[2m390:37[22m[39m
    [90m388| [39m      fireEvent[33m.[39m[34mclick[39m(screen[33m.[39m[34mgetByRole[39m([32m'button'[39m))[33m;[39m
    [90m389| [39m
    [90m390| [39m      const selectedOption = screen.getByText('Option 2').closest('li'…
    [90m   | [39m                                    [31m^[39m
    [90m391| [39m      [34mexpect[39m(selectedOption)[33m.[39m[34mtoHaveAttribute[39m([32m'aria-checked'[39m[33m,[39m [32m'true'[39m)[33m;[39m
    [90m392| [39m    })[33m;[39m

[31m[2m⎯⎯⎯⎯⎯⎯⎯⎯⎯⎯⎯⎯⎯⎯⎯⎯⎯⎯⎯⎯⎯⎯⎯⎯[3/3]⎯[22m[39m


[2m Test Files [22m [1m[31m1 failed[39m[22m[90m (1)[39m
[2m      Tests [22m [1m[31m3 failed[39m[22m[2m | [22m[1m[32m30 passed[39m[22m[90m (33)[39m
[2m   Start at [22m 22:35:40
[2m   Duration [22m 7.61s[2m (transform 674ms, setup 707ms, import 722ms, tests 3.37s, environment 2.24s)[22m

Warning: command "vitest Select.spec.tsx" exited with non-zero status code


 NX   Running target test for project @org/react and 1 task it depends on failed

Failed tasks:

- @org/react:test

Hint: run the command with --verbose for more details.

